[easy-money-exchanger.com/index.html]
[backblue.gif]
[fade.gif]
[index.html]
[easy-money-exchanger.com/assets/images/logoIcon/blue_bliss/favicon.png]
[easy-money-exchanger.com/assets/images/logoIcon/blue_bliss/logo.png]
[easy-money-exchanger.com/assets/images/seo/642fb007b7fca1680846855.png]
[easy-money-exchanger.com/assets/global/css/bootstrap.min.css]
[easy-money-exchanger.com/assets/global/css/all.min.css]
[easy-money-exchanger.com/assets/global/css/line-awesome.min.css]
[easy-money-exchanger.com/assets/templates/blue_bliss/css/animate.css]
[easy-money-exchanger.com/assets/templates/blue_bliss/css/odometer.css]
[easy-money-exchanger.com/assets/templates/blue_bliss/css/nice-select.css]
[easy-money-exchanger.com/assets/templates/blue_bliss/css/swiper.min.css]
[easy-money-exchanger.com/assets/templates/blue_bliss/css/main.css]
[easy-money-exchanger.com/assets/templates/blue_bliss/css/custom.css]
[easy-money-exchanger.com/assets/templates/blue_bliss/css/colorc568.css]
[easy-money-exchanger.com/assets/images/logoIcon/blue_bliss/logo_dark.png]
[easy-money-exchanger.com/affiliate-program.html]
[easy-money-exchanger.com/about.html]
[easy-money-exchanger.com/blog.html]
[easy-money-exchanger.com/contact.html]
[easy-money-exchanger.com/user/login.html]
[easy-money-exchanger.com/user/register.html]
[easy-money-exchanger.com/assets/images/currency/64c18dc06a26b1690406336.jpg]
[easy-money-exchanger.com/assets/images/currency/64a3ba380b88a1688451640.jpg]
[easy-money-exchanger.com/assets/images/currency/64320b0fb29e21681001231.jpg]
[easy-money-exchanger.com/assets/images/currency/642dbfb8270861680719800.jpg]
[easy-money-exchanger.com/assets/images/currency/6429c2f013d891680458480.png]
[easy-money-exchanger.com/assets/images/currency/6429b900828a31680455936.png]
[easy-money-exchanger.com/assets/images/currency/6429a2b46c4ec1680450228.png]
[easy-money-exchanger.com/assets/images/currency/6429a1f0cfc731680450032.png]
[easy-money-exchanger.com/assets/images/currency/6428e5e86dcd71680401896.png]
[easy-money-exchanger.com/assets/images/currency/6429a15aaa4cc1680449882.png]
[easy-money-exchanger.com/assets/images/frontend/faq/642d7f5aa67b11680703322.jpg]
[easy-money-exchanger.com/blog/streamline-your-financial-transactions-how-to-use-online-currency-exchange-platforms/237.html]
[easy-money-exchanger.com/assets/images/frontend/blog/thumb_63d0e81b972c41674635291.jpg]
[easy-money-exchanger.com/blog/currency-trading-101-understanding-the-risks-and-rewards/236.html]
[easy-money-exchanger.com/assets/images/frontend/blog/thumb_63d0e839971a31674635321.jpg]
[easy-money-exchanger.com/blog/the-future-of-currency-exchange-how-technology-is-changing-the-game/235.html]
[easy-money-exchanger.com/assets/images/frontend/blog/thumb_63d0e8547bb101674635348.png]
[easy-money-exchanger.com/policy/privacy-policy/198.html]
[easy-money-exchanger.com/policy/terms-of-service/199.html]
[easy-money-exchanger.com/policy/refund-policy/200.html]
[easy-money-exchanger.com/cookie-policy.html]
[easy-money-exchanger.com/assets/global/js/jquery-3.6.0.min.js]
[easy-money-exchanger.com/assets/global/js/bootstrap.bundle.min.js]
[easy-money-exchanger.com/assets/templates/blue_bliss/js/modernizr-3.6.0.min.js]
[easy-money-exchanger.com/assets/templates/blue_bliss/js/plugins.js]
[easy-money-exchanger.com/assets/templates/blue_bliss/js/swiper.min.js]
[easy-money-exchanger.com/assets/templates/blue_bliss/js/wow.min.js]
[easy-money-exchanger.com/assets/templates/blue_bliss/js/odometer.min.js]
[easy-money-exchanger.com/assets/templates/blue_bliss/js/viewport.jquery.js]
[easy-money-exchanger.com/assets/templates/blue_bliss/js/nice-select.js]
[easy-money-exchanger.com/assets/templates/blue_bliss/js/main.js]
[easy-money-exchanger.com/assets/global/css/iziToast.min.css]
[easy-money-exchanger.com/assets/global/js/iziToast.min.js]
[easy-money-exchanger.com/cookie/accept.json]
[easy-money-exchanger.com/index.html]
[easy-money-exchanger.com/assets/global/css/bootstrap.min.css]
[easy-money-exchanger.com/assets/global/webfonts/fa-brands-400.eot]
[easy-money-exchanger.com/assets/global/webfonts/fa-brands-400d41d.eot]
[easy-money-exchanger.com/assets/global/webfonts/fa-brands-400.woff2]
[easy-money-exchanger.com/assets/global/webfonts/fa-brands-400.woff]
[easy-money-exchanger.com/assets/global/webfonts/fa-brands-400.ttf]
[easy-money-exchanger.com/assets/global/webfonts/fa-brands-400.svg]
[easy-money-exchanger.com/assets/global/webfonts/fa-regular-400.eot]
[easy-money-exchanger.com/assets/global/webfonts/fa-regular-400d41d.eot]
[easy-money-exchanger.com/assets/global/webfonts/fa-regular-400.woff2]
[easy-money-exchanger.com/assets/global/webfonts/fa-regular-400.woff]
[easy-money-exchanger.com/assets/global/webfonts/fa-regular-400.ttf]
[easy-money-exchanger.com/assets/global/webfonts/fa-regular-400.svg]
[easy-money-exchanger.com/assets/global/webfonts/fa-solid-900.eot]
[easy-money-exchanger.com/assets/global/webfonts/fa-solid-900d41d.eot]
[easy-money-exchanger.com/assets/global/webfonts/fa-solid-900.woff2]
[easy-money-exchanger.com/assets/global/webfonts/fa-solid-900.woff]
[easy-money-exchanger.com/assets/global/webfonts/fa-solid-900.ttf]
[easy-money-exchanger.com/assets/global/css/all.min.css]
[easy-money-exchanger.com/assets/global/webfonts/fa-solid-900.svg]
[easy-money-exchanger.com/assets/global/fonts/la-brands-400.eot]
[easy-money-exchanger.com/assets/global/fonts/la-brands-400d41d.eot]
[easy-money-exchanger.com/assets/global/fonts/la-brands-400.woff2]
[easy-money-exchanger.com/assets/global/fonts/la-brands-400.woff]
[easy-money-exchanger.com/assets/global/fonts/la-brands-400.ttf]
[easy-money-exchanger.com/assets/global/fonts/la-brands-400.svg]
[easy-money-exchanger.com/assets/global/fonts/la-regular-400.eot]
[easy-money-exchanger.com/assets/global/fonts/la-regular-400d41d.eot]
[easy-money-exchanger.com/assets/global/fonts/la-regular-400.woff2]
[easy-money-exchanger.com/assets/global/fonts/la-regular-400.woff]
[easy-money-exchanger.com/assets/global/fonts/la-regular-400.ttf]
[easy-money-exchanger.com/assets/global/fonts/la-regular-400.svg]
[easy-money-exchanger.com/assets/global/fonts/la-solid-900.eot]
[easy-money-exchanger.com/assets/global/fonts/la-solid-900d41d.eot]
[easy-money-exchanger.com/assets/global/fonts/la-solid-900.woff2]
[easy-money-exchanger.com/assets/global/fonts/la-solid-900.woff]
[easy-money-exchanger.com/assets/global/fonts/la-solid-900.ttf]
[easy-money-exchanger.com/assets/global/css/line-awesome.min.css]
[easy-money-exchanger.com/assets/templates/blue_bliss/css/animate.css]
[easy-money-exchanger.com/assets/templates/blue_bliss/css/odometer.css]
[easy-money-exchanger.com/assets/templates/blue_bliss/css/nice-select.css]
[easy-money-exchanger.com/assets/templates/blue_bliss/css/swiper.min.css]
[easy-money-exchanger.com/assets/global/fonts/la-solid-900.svg]
[easy-money-exchanger.com/assets/templates/blue_bliss/css/img/question.png]
[easy-money-exchanger.com/assets/templates/blue_bliss/css/img/quote.png]
[easy-money-exchanger.com/assets/templates/blue_bliss/css/main.css]
[easy-money-exchanger.com/assets/templates/blue_bliss/css/custom.css]
[easy-money-exchanger.com/assets/templates/blue_bliss/css/colorc568.css]
[easy-money-exchanger.com/assets/images/frontend/breadcrumb/635526f85b0681666524920.jpg]
[easy-money-exchanger.com/assets/images/frontend/subscribe/649d28c20dc5d1688021186.jpg]
[easy-money-exchanger.com/affiliate-program.html]
[easy-money-exchanger.com/assets/images/frontend/about/642d7fee678191680703470.jpg]
[easy-money-exchanger.com/assets/images/frontend/mission_vision/63a6a215844161671864853.jpg]
[easy-money-exchanger.com/assets/images/frontend/mission_vision/63a6a21d141631671864861.png]
[easy-money-exchanger.com/about.html]
[easy-money-exchanger.com/blog/maximizing-your-money-understanding-and-utilizing-currency-exchange-rates/232.html]
[easy-money-exchanger.com/assets/images/frontend/blog/thumb_63d0e893333df1674635411.png]
[easy-money-exchanger.com/blog/the-basics-of-money-exchange-how-it-works-and-how-to-make-informed-decisions/233.html]
[easy-money-exchanger.com/assets/images/frontend/blog/thumb_63d0e87e0ff051674635390.png]
[easy-money-exchanger.com/blog/the-ins-and-outs-of-foreign-exchange-a-comprehensive-guide/234.html]
[easy-money-exchanger.com/assets/images/frontend/blog/thumb_63d0e869256d81674635369.png]
[easy-money-exchanger.com/blog.html]
[easy-money-exchanger.com/contact.html]
[easy-money-exchanger.com/user/login.html]
[easy-money-exchanger.com/user/password/reset.html]
[easy-money-exchanger.com/user/check-mail]
[easy-money-exchanger.com/user/register.html]
[easy-money-exchanger.com/assets/images/frontend/blog/63d0e81b972c41674635291.jpg]
[easy-money-exchanger.com/blog/streamline-your-financial-transactions-how-to-use-online-currency-exchange-platforms/237.html]
[easy-money-exchanger.com/assets/images/frontend/blog/63d0e839971a31674635321.jpg]
[easy-money-exchanger.com/blog/currency-trading-101-understanding-the-risks-and-rewards/236.html]
[easy-money-exchanger.com/assets/images/frontend/blog/63d0e8547bb101674635348.png]
[easy-money-exchanger.com/blog/the-future-of-currency-exchange-how-technology-is-changing-the-game/235.html]
[easy-money-exchanger.com/policy/privacy-policy/198.html]
[easy-money-exchanger.com/policy/terms-of-service/199.html]
[easy-money-exchanger.com/policy/refund-policy/200.html]
[easy-money-exchanger.com/cookie-policy.html]
[easy-money-exchanger.com/assets/global/js/jquery-3.6.0.min.js]
[easy-money-exchanger.com/assets/global/js/bootstrap.bundle.min.js]
[easy-money-exchanger.com/assets/templates/blue_bliss/js/modernizr-3.6.0.min.js]
[easy-money-exchanger.com/assets/templates/blue_bliss/js/plugins.js]
[easy-money-exchanger.com/assets/templates/blue_bliss/js/swiper.min.js]
[easy-money-exchanger.com/assets/templates/blue_bliss/js/wow.min.js]
[easy-money-exchanger.com/assets/templates/blue_bliss/js/odometer.min.js]
[easy-money-exchanger.com/assets/templates/blue_bliss/js/viewport.jquery.js]
[easy-money-exchanger.com/assets/templates/blue_bliss/js/nice-select.js]
[easy-money-exchanger.com/assets/templates/blue_bliss/js/main.js]
[easy-money-exchanger.com/assets/global/css/iziToast.min.css]
[easy-money-exchanger.com/assets/global/js/iziToast.min.js]
[easy-money-exchanger.com/assets/global/webfonts/fa-brands-400.svg]
[easy-money-exchanger.com/assets/global/webfonts/fa-regular-400.svg]
[easy-money-exchanger.com/assets/global/webfonts/fa-solid-900.svg]
[easy-money-exchanger.com/assets/global/fonts/la-brands-400.svg]
[easy-money-exchanger.com/assets/global/fonts/la-regular-400.svg]
[easy-money-exchanger.com/assets/global/fonts/la-solid-900.svg]
[easy-money-exchanger.com/assets/templates/blue_bliss/css/img/question.html]
[easy-money-exchanger.com/assets/images/frontend/blog/63d0e893333df1674635411.png]
[easy-money-exchanger.com/blog/maximizing-your-money-understanding-and-utilizing-currency-exchange-rates/232.html]
[easy-money-exchanger.com/blog/the-basics-of-money-exchange-how-it-works-and-how-to-make-informed-decisions/233.html]
[easy-money-exchanger.com/assets/images/frontend/blog/63d0e87e0ff051674635390.png]
[easy-money-exchanger.com/assets/images/frontend/blog/63d0e869256d81674635369.png]
[easy-money-exchanger.com/blog/the-ins-and-outs-of-foreign-exchange-a-comprehensive-guide/234.html]
[easy-money-exchanger.com/user/password/reset.html]
[easy-money-exchanger.com/user/check-mail.html]
[pinterest.com/pin/create/button/indexeded.html]
[pinterest.com/pin/create/button/indexf06c.html]
[pinterest.com/pin/create/button/index1478.html]
[easy-money-exchanger.com/Version.6f.delayed]
[easy-money-exchanger.com/Version/index.html]
[easy-money-exchanger.com/version]
[easy-money-exchanger.com/version/index-2.html]
[pinterest.com/pin/create/button/indexd03b.html]
[pinterest.com/pin/create/button/indexe587.html]
[pinterest.com/pin/create/button/index5cce.html]
[pinterest.com/pin/create/button/indexbd50.html]
[pinterest.com/pin/create/button/index3f09.html]
[pinterest.com/pin/create/button/indexd075.html]
[easy-money-exchanger.com/Version.html]
[easy-money-exchanger.com/version-2.html]
[pinterest.com/pin/create/button/indexff38.html]
[pinterest.com/pin/create/button/index139b.html]
[pinterest.com/pin/create/button/indexd3ec.html]
